!SESSION 2026-08-23 08:21:49.523 -----------------------------------------------
eclipse.buildId=unknown
java.version=21.0.12
java.vendor=Eclipse Adoptium
BootLoader constants: OS=linux, ARCH=x86_64, WS=gtk, NL=en
Command-line arguments:  -data /home/runner/work/_temp/jdtls-3866-pass-no-self-reference-import

!ENTRY org.eclipse.jdt.ls.core 1 0 2026-08-23 08:21:51.032
!MESSAGE class org.eclipse.jdt.ls.core.internal.JavaLanguageServerPlugin is started

!ENTRY org.eclipse.jdt.ls.core 1 0 2026-08-23 08:21:51.092
!MESSAGE Started org.eclipse.buildship.core 42ms

!ENTRY org.eclipse.jdt.ls.core 1 0 2026-08-23 08:21:51.093
!MESSAGE Started org.eclipse.m2e.core 0ms

!ENTRY org.eclipse.jdt.ls.core 1 0 2026-08-23 08:21:51.286
!MESSAGE Main thread is waiting

!ENTRY org.eclipse.jdt.ls.core 1 0 2026-08-23 08:21:51.329
!MESSAGE >> initialize

!ENTRY org.eclipse.jdt.ls.core 1 0 2026-08-23 08:21:51.337
!MESSAGE Initializing JDT Language Server (Standard)
	- Version: 1.61.0-SNAPSHOT (OSGi 1.61.0.202608051627)
	- Git Commit: 9d6941a - Add workspace/textDocumentContent request (#3852) (#3855)

!ENTRY org.eclipse.jdt.ls.core 1 0 2026-08-23 08:21:52.115
!MESSAGE ProjectRegistryRefreshJob finished 1021ms

!ENTRY org.eclipse.jdt.ls.core 1 0 2026-08-23 08:21:52.169
!MESSAGE Static Commands: []

!ENTRY org.eclipse.jdt.ls.core 1 0 2026-08-23 08:21:52.169
!MESSAGE Non-Static Commands: [java.project.import, java.project.changeImportedProjects, java.navigate.openTypeHierarchy, java.project.resolveStackTraceLocation, java.edit.handlePasteEvent, java.edit.stringFormatting, java.project.getSettings, java.project.resolveWorkspaceSymbol, java.project.upgradeGradle, java.project.createModuleInfo, java.vm.getAllInstalls, java.edit.organizeImports, java.project.refreshDiagnostics, java.getFullyQualifiedName, java.project.removeFromSourcePath, java.project.listSourcePaths, java.project.updateSettings, java.project.getAll, java.reloadBundles, java.project.isTestFile, java.project.resolveText, java.project.getClasspaths, java.navigate.resolveTypeHierarchy, java.getTroubleshootingInfo, java.edit.smartSemicolonDetection, java.project.updateSourceAttachment, java.project.updateClassPaths, java.decompile, java.protobuf.generateSources, java.project.resolveSourceAttachment, java.project.updateJdk, java.project.addToSourcePath, java.completion.onDidSelect]

!ENTRY org.eclipse.jdt.ls.core 1 0 2026-08-23 08:21:52.198
!MESSAGE RepositoryRegistryUpdateJob finished 0ms

!ENTRY org.eclipse.jdt.ls.core 1 0 2026-08-23 08:21:52.199
!MESSAGE >> initialized

!ENTRY org.eclipse.jdt.ls.core 1 0 2026-08-23 08:21:52.218
!MESSAGE Importers: GradleProjectImporter, MavenProjectImporter, EclipseProjectImporter, InvisibleProjectImporter

!ENTRY org.eclipse.jdt.ls.core 1 0 2026-08-23 08:21:52.224
!MESSAGE Importing Maven project(s)

!ENTRY org.eclipse.jdt.ls.core 1 0 2026-08-23 08:21:53.485
!MESSAGE Progressive import: reporting 1 new project(s)

!ENTRY org.eclipse.jdt.ls.core 1 0 2026-08-23 08:21:53.492
!MESSAGE Workspace initialized in 1293ms

!ENTRY org.eclipse.jdt.ls.core 1 0 2026-08-23 08:21:53.516
!MESSAGE >> initialization job finished

!ENTRY org.eclipse.jdt.ls.core 1 0 2026-08-23 08:21:53.884
!MESSAGE >> build jobs finished

!ENTRY org.eclipse.jdt.ls.core 1 0 2026-08-23 08:21:53.884
!MESSAGE >> registerWatchers'

!ENTRY org.eclipse.jdt.ls.core 1 0 2026-08-23 08:21:54.061
!MESSAGE Reconciled 4. Took 0 ms

!ENTRY org.eclipse.jdt.ls.core 1 0 2026-08-23 08:21:54.697
!MESSAGE begin problem for /Foo.java

!ENTRY org.eclipse.jdt.ls.core 1 0 2026-08-23 08:21:54.701
!MESSAGE 0 problems reported for /Foo.java

!ENTRY org.eclipse.jdt.ls.core 1 0 2026-08-23 08:21:54.712
!MESSAGE begin problem for /Bag.java

!ENTRY org.eclipse.jdt.ls.core 1 0 2026-08-23 08:21:54.712
!MESSAGE 0 problems reported for /Bag.java

!ENTRY org.eclipse.jdt.ls.core 1 0 2026-08-23 08:21:54.722
!MESSAGE begin problem for /module-info.java

!ENTRY org.eclipse.jdt.ls.core 1 0 2026-08-23 08:21:54.722
!MESSAGE 0 problems reported for /module-info.java

!ENTRY org.eclipse.jdt.ls.core 1 0 2026-08-23 08:21:54.730
!MESSAGE begin problem for /BagTest.java

!ENTRY org.eclipse.jdt.ls.core 1 0 2026-08-23 08:21:54.730
!MESSAGE 0 problems reported for /BagTest.java

!ENTRY org.eclipse.jdt.ls.core 1 0 2026-08-23 08:21:54.733
!MESSAGE Validated 4. Took 71 ms

!ENTRY org.eclipse.jdt.ls.core 1 0 2026-08-23 08:21:57.759
!MESSAGE >> shutdown

!ENTRY org.eclipse.jdt.ls.core 1 0 2026-08-23 08:21:57.762
!MESSAGE >> exit

!ENTRY org.eclipse.jdt.ls.core 1 0 2026-08-23 08:21:57.777
!MESSAGE Shutdown received... waking up main thread

!ENTRY org.eclipse.jdt.ls.core 1 0 2026-08-23 08:21:57.786
!MESSAGE class org.eclipse.jdt.ls.core.internal.JavaLanguageServerPlugin is stopping:
